<html>
<body>
<pre>
<h1>µVision Build Log</h1>
<h2>Project:</h2>
C:\Users\Scott\Documents\csulb\447\projects\p4\p4.uvproj
Project File Date:  11/04/2009

<h2>Output:</h2>
Build target 'Target 1'
assembling Startup.s...
compiling main.c...
main.c(111): warning:  #223-D: function "sprintf" declared implicitly
linking...
Program Size: Code=7300 RO-data=208 RW-data=192 ZI-data=1256  
FromELF: creating hex file...
"p4.axf" - 0 Error(s), 1 Warning(s).
Build target 'Target 1'
assembling Startup.s...
compiling main.c...
main.c(111): warning:  #223-D: function "sprintf" declared implicitly
linking...
Program Size: Code=7300 RO-data=208 RW-data=188 ZI-data=1260  
FromELF: creating hex file...
"p4.axf" - 0 Error(s), 1 Warning(s).
Build target 'Target 1'
assembling Startup.s...
compiling main.c...
main.c(111): warning:  #223-D: function "sprintf" declared implicitly
main.c(114): error:  #20: identifier "i" is undefined
Target not created
Build target 'Target 1'
assembling Startup.s...
compiling main.c...
main.c(48): error:  #20: identifier "ADCR" is undefined
main.c(114): error:  #20: identifier "ADDR" is undefined
main.c(129): warning:  #223-D: function "sprintf" declared implicitly
Target not created
Build target 'Target 1'
assembling Startup.s...
compiling main.c...
main.c(48): error:  #20: identifier "ADC0R" is undefined
main.c(114): error:  #20: identifier "ADDR" is undefined
main.c(129): warning:  #223-D: function "sprintf" declared implicitly
Target not created
Build target 'Target 1'
assembling Startup.s...
compiling main.c...
main.c(129): warning:  #223-D: function "sprintf" declared implicitly
linking...
Program Size: Code=7092 RO-data=208 RW-data=192 ZI-data=1256  
FromELF: creating hex file...
"p4.axf" - 0 Error(s), 1 Warning(s).
Build target 'Target 1'
assembling Startup.s...
compiling main.c...
main.c(121): warning:  #223-D: function "sprintf" declared implicitly
linking...
Program Size: Code=7100 RO-data=208 RW-data=192 ZI-data=1256  
FromELF: creating hex file...
"p4.axf" - 0 Error(s), 1 Warning(s).
Build target 'Target 1'
assembling Startup.s...
compiling main.c...
main.c(121): warning:  #223-D: function "sprintf" declared implicitly
linking...
Program Size: Code=7100 RO-data=208 RW-data=192 ZI-data=1256  
FromELF: creating hex file...
"p4.axf" - 0 Error(s), 1 Warning(s).
Build target 'Target 1'
assembling Startup.s...
compiling main.c...
main.c(121): warning:  #223-D: function "sprintf" declared implicitly
linking...
Program Size: Code=7100 RO-data=208 RW-data=192 ZI-data=1256  
FromELF: creating hex file...
"p4.axf" - 0 Error(s), 1 Warning(s).
Build target 'Target 1'
assembling Startup.s...
compiling main.c...
main.c(121): warning:  #223-D: function "sprintf" declared implicitly
linking...
Program Size: Code=7108 RO-data=208 RW-data=192 ZI-data=1256  
FromELF: creating hex file...
"p4.axf" - 0 Error(s), 1 Warning(s).
Build target 'Target 1'
assembling Startup.s...
compiling main.c...
main.c(121): warning:  #223-D: function "sprintf" declared implicitly
linking...
Program Size: Code=7108 RO-data=208 RW-data=192 ZI-data=1256  
FromELF: creating hex file...
"p4.axf" - 0 Error(s), 1 Warning(s).
Build target 'Target 1'
assembling Startup.s...
compiling main.c...
main.c(121): warning:  #223-D: function "sprintf" declared implicitly
linking...
Program Size: Code=7108 RO-data=208 RW-data=192 ZI-data=1256  
FromELF: creating hex file...
"p4.axf" - 0 Error(s), 1 Warning(s).
Build target 'Target 1'
assembling Startup.s...
compiling main.c...
main.c(120): warning:  #223-D: function "sprintf" declared implicitly
linking...
Program Size: Code=7096 RO-data=208 RW-data=192 ZI-data=1256  
FromELF: creating hex file...
"p4.axf" - 0 Error(s), 1 Warning(s).
Build target 'Target 1'
assembling Startup.s...
compiling main.c...
main.c(120): warning:  #223-D: function "sprintf" declared implicitly
linking...
Program Size: Code=7096 RO-data=208 RW-data=192 ZI-data=1256  
FromELF: creating hex file...
"p4.axf" - 0 Error(s), 1 Warning(s).
Build target 'Target 1'
assembling Startup.s...
compiling main.c...
main.c(120): warning:  #223-D: function "sprintf" declared implicitly
linking...
Program Size: Code=7096 RO-data=208 RW-data=192 ZI-data=1256  
FromELF: creating hex file...
"p4.axf" - 0 Error(s), 1 Warning(s).
Build target 'Target 1'
assembling Startup.s...
compiling main.c...
main.c(120): warning:  #223-D: function "sprintf" declared implicitly
linking...
Program Size: Code=7096 RO-data=208 RW-data=192 ZI-data=1256  
FromELF: creating hex file...
"p4.axf" - 0 Error(s), 1 Warning(s).
Build target 'Target 1'
assembling Startup.s...
compiling main.c...
main.c(120): warning:  #223-D: function "sprintf" declared implicitly
linking...
Program Size: Code=7096 RO-data=208 RW-data=192 ZI-data=1256  
FromELF: creating hex file...
"p4.axf" - 0 Error(s), 1 Warning(s).
Build target 'Target 1'
assembling Startup.s...
compiling main.c...
main.c(122): warning:  #223-D: function "sprintf" declared implicitly
linking...
Program Size: Code=7104 RO-data=208 RW-data=192 ZI-data=1256  
FromELF: creating hex file...
"p4.axf" - 0 Error(s), 1 Warning(s).
Build target 'Target 1'
assembling Startup.s...
compiling main.c...
main.c(122): warning:  #223-D: function "sprintf" declared implicitly
linking...
Program Size: Code=7416 RO-data=208 RW-data=192 ZI-data=1256  
FromELF: creating hex file...
"p4.axf" - 0 Error(s), 1 Warning(s).
Build target 'Target 1'
assembling Startup.s...
compiling main.c...
main.c(122): warning:  #223-D: function "sprintf" declared implicitly
linking...
Program Size: Code=7104 RO-data=208 RW-data=192 ZI-data=1256  
FromELF: creating hex file...
"p4.axf" - 0 Error(s), 1 Warning(s).
Build target 'Target 1'
assembling Startup.s...
compiling main.c...
main.c(115): error:  #31: expression must have integral type
main.c(116): error:  #1460: expression must have integral or fixed-point type
main.c(122): warning:  #223-D: function "sprintf" declared implicitly
Target not created
Build target 'Target 1'
assembling Startup.s...
compiling main.c...
main.c(122): warning:  #223-D: function "sprintf" declared implicitly
linking...
Program Size: Code=7104 RO-data=208 RW-data=192 ZI-data=1256  
FromELF: creating hex file...
"p4.axf" - 0 Error(s), 1 Warning(s).
Build target 'Target 1'
assembling Startup.s...
compiling main.c...
main.c(122): warning:  #223-D: function "sprintf" declared implicitly
linking...
Program Size: Code=7096 RO-data=208 RW-data=192 ZI-data=1256  
FromELF: creating hex file...
"p4.axf" - 0 Error(s), 1 Warning(s).
Build target 'Target 1'
assembling Startup.s...
compiling main.c...
main.c(122): warning:  #223-D: function "sprintf" declared implicitly
linking...
Program Size: Code=7096 RO-data=208 RW-data=192 ZI-data=1256  
FromELF: creating hex file...
"p4.axf" - 0 Error(s), 1 Warning(s).
Build target 'Target 1'
assembling Startup.s...
compiling main.c...
main.c(123): warning:  #223-D: function "sprintf" declared implicitly
linking...
Program Size: Code=7108 RO-data=208 RW-data=192 ZI-data=1256  
FromELF: creating hex file...
"p4.axf" - 0 Error(s), 1 Warning(s).
Build target 'Target 1'
assembling Startup.s...
compiling main.c...
main.c(123): warning:  #223-D: function "sprintf" declared implicitly
linking...
Program Size: Code=7108 RO-data=208 RW-data=192 ZI-data=1256  
FromELF: creating hex file...
"p4.axf" - 0 Error(s), 1 Warning(s).
Build target 'Target 1'
assembling Startup.s...
compiling main.c...
main.c(123): warning:  #223-D: function "sprintf" declared implicitly
linking...
Program Size: Code=7108 RO-data=208 RW-data=192 ZI-data=1256  
FromELF: creating hex file...
"p4.axf" - 0 Error(s), 1 Warning(s).
Build target 'Target 1'
compiling main.c...
main.c(123): warning:  #223-D: function "sprintf" declared implicitly
linking...
Program Size: Code=7108 RO-data=208 RW-data=192 ZI-data=1256  
FromELF: creating hex file...
"p4.axf" - 0 Error(s), 1 Warning(s).
Build target 'Target 1'
assembling Startup.s...
compiling main.c...
main.c(123): warning:  #223-D: function "sprintf" declared implicitly
linking...
Program Size: Code=7108 RO-data=208 RW-data=192 ZI-data=1256  
FromELF: creating hex file...
"p4.axf" - 0 Error(s), 1 Warning(s).
